// Vitest Snapshot v1, https://vitest.dev/guide/snapshot.html

exports[`golden: argument domain and edges > every JS-only input, every known edge, and the runtime shapes 1`] = `
[
  "b64'QR==' → throw DcborParseError(InvalidBase64String)@0-9: Invalid base64 string",
  "b64'QUJ=' → throw DcborParseError(InvalidBase64String)@0-9: Invalid base64 string",
  "b64'QQ==' → 4141",
  "0000-01-01 → c13b0000000e79747bff",
  "0050-01-01 → c13b0000000e1b67497f",
  "0099-12-31 → c13b0000000dbd5cb9ff",
  "2023-01-01T00:00:00+24:00 → throw DcborParseError(InvalidDateString)@0-25: Invalid date string '2023-01-01T00:00:00+24:00'",
  "2023-01-01T00:00:00+23:59 → c11a63af7bbc",
  "true(1) → throw DcborParseError(UnknownTagName)@0-4: Unknown tag name 'true'",
  "null(1) → throw DcborParseError(UnknownTagName)@0-4: Unknown tag name 'null'",
  "NaN(1) → throw DcborParseError(UnknownTagName)@0-3: Unknown tag name 'NaN'",
  "Unit(1) → throw DcborParseError(UnknownTagName)@0-4: Unknown tag name 'Unit'",
  "-Infinity(1) → throw DcborParseError(ExtraData)@9-10: Extra data at end of input",
  "[ x 1000 → throw DcborParseError(UnexpectedEndOfInput): Unexpected end of input",
  "[ x 1001 → throw DcborParseError(NestingTooDeep)@1000-1001: Nesting deeper than 1000 levels",
  "[ x 5000 → throw DcborParseError(NestingTooDeep)@1000-1001: Nesting deeper than 1000 levels",
  "balanced 5000 → throw DcborParseError(NestingTooDeep)@1000-1001: Nesting deeper than 1000 levels",
  "tryParseDcborItem [ x 5000 → {"ok":false,"error":{"name":"DcborParseError","code":"NestingTooDeep","details":{"code":"NestingTooDeep","span":{"start":1000,"end":1001},"maxDepth":1000}}}",
  "partial '1 /unterminated' → 01@1",
  "arabic-indic digits → throw DcborParseError(InvalidDateString)@0-10: Invalid date string '٢٠٢٣-01-01'",
  "2023-01-01T → throw DcborParseError(ExtraData)@10-11: Extra data at end of input",
  "2023-12-25T10:30:45. → throw DcborParseError(InvalidDateString)@0-19: Invalid date string '2023-12-25T10:30:45'",
  "2023-12-25T10:30:45+0100 → throw DcborParseError(InvalidDateString)@0-19: Invalid date string '2023-12-25T10:30:45'",
  "1 followed by an Arabic-Indic digit → throw DcborParseError(ExtraData)@1-2: Extra data at end of input",
  "'value' → throw DcborParseError(UnknownKnownValueName)@1-6: Unknown known value name 'value'",
  "'Self' → throw DcborParseError(UnknownKnownValueName)@1-5: Unknown known value name 'Self'",
  "'' with a resolver that has no '' → d99c4000",
  "parseDcborItem(undefined) → throw TypeError: parseDcborItem: src must be a string",
  "parseDcborItem(null) → throw TypeError: parseDcborItem: src must be a string",
  "parseDcborItem(123) → throw TypeError: parseDcborItem: src must be a string",
  "tryParseDcborItem(undefined) → throw TypeError: parseDcborItem: src must be a string",
  "parseDcborItem("1", null) → throw TypeError: parseDcborItem: options must be an object",
  "parseDcborItem("1", 5) → throw TypeError: parseDcborItem: options must be an object",
  "parseDcborItem("date(1)", { tags: 5 }) → throw TypeError: parseDcborItem: options.tags must be a tags store (an object with tagForName)",
  "parseDcborItem("'isA'", { knownValues: {} }) → throw TypeError: parseDcborItem: options.knownValues must be a known-value resolver (an object wi",
  "parseDcborItem("1", { maxDepth: 0 }) → throw TypeError: parseDcborItem: options.maxDepth must be a positive integer",
  "parseDcborItem("1", { maxDepth: "9" }) → throw TypeError: parseDcborItem: options.maxDepth must be a positive integer",
  "composeDcborArray("1") → throw TypeError: composeDcborArray: items must be an array of strings",
  "composeDcborArray([1]) → throw TypeError: composeDcborArray: items must be an array of strings",
  "UnexpectedToken message → throw DcborParseError(UnexpectedToken)@3-4: Unexpected token \`)\`",
  "UnexpectedToken details → ["code","span","token"]",
  "InvalidUr details keys → ["cause","code","span"]",
  "Object.isFrozen(DcborParseErrorCode) → true",
  "Object.isFrozen(DcborComposeErrorCode) → true",
  "Object.isFrozen(error.details), (error.details.span) → [true,true]",
  "Object.isFrozen(parseDcborItemPartial("1 2")) → true",
  "isDcborParseError of a same-shaped error from another copy → true",
  "error own keys → ["code","details","name"]",
  "new Lexer('"hi"').next() → {"type":"String","value":"\\"hi\\"","span":{"start":0,"end":4}}",
  "new Lexer('1').next() → {"type":"Number","value":1,"span":{"start":0,"end":1}}",
  "Lexer is iterable → "function"",
  "lexer exports → ["Lexer"]",
  "exports → ["DcborComposeError","DcborComposeErrorCode","DcborParseError","DcborParseErrorCode","composeDcborArray","composeDcborMap","parseDcborItem","parseDcborItemPartial","span","spanToByteOffsets","tryComposeDcborArray","tryComposeDcborMap","tryParseDcborItem","tryParseDcborItemPartial"]",
]
`;
