// Vitest Snapshot v1, https://vitest.dev/guide/snapshot.html

exports[`golden: hand corpus > every hand-written source, parse and partial, and the compose calls 1`] = `
[
  "parse "true": f5",
  "parse "false": f4",
  "parse "null": f6",
  "parse "NaN": f97e00",
  "parse "Infinity": f97c00",
  "parse "-Infinity": f9fc00",
  "parse "Unit": d99c4000",
  "parse "''": d99c4000",
  "parse "0": 00",
  "parse "1": 01",
  "parse "-1": 20",
  "parse "42": 182a",
  "parse "-42": 3829",
  "parse "23": 17",
  "parse "24": 1818",
  "parse "255": 18ff",
  "parse "256": 190100",
  "parse "65535": 19ffff",
  "parse "65536": 1a00010000",
  "parse "4294967295": 1affffffff",
  "parse "4294967296": 1b0000000100000000",
  "parse "9007199254740991": 1b001fffffffffffff",
  "parse "9007199254740992": 1b0020000000000000",
  "parse "18446744073709551615": fa5f800000",
  "parse "18446744073709551616": fa5f800000",
  "parse "-18446744073709551616": 3bffffffffffffffff",
  "parse "-18446744073709551617": 3bffffffffffffffff",
  "parse "3.14": fb40091eb851eb851f",
  "parse "-0.5": f9b800",
  "parse "1.0": 01",
  "parse "1e3": 1903e8",
  "parse "1.5e-3": fb3f589374bc6a7efa",
  "parse "1E3": 1903e8",
  "parse "0.1": fb3fb999999999999a",
  "parse "-0": 00",
  "parse "00": throw:ExtraData@1-2",
  "parse "007": throw:ExtraData@1-2",
  "parse "1_000": throw:ExtraData@1-2",
  "parse "0x10": throw:ExtraData@1-2",
  "parse "+1": throw:UnrecognizedToken@0-0",
  "parse ".5": throw:UnrecognizedToken@0-0",
  "parse "5.": throw:ExtraData@1-2",
  "parse "1e": throw:ExtraData@1-2",
  "parse "--1": throw:UnrecognizedToken@0-0",
  "parse "\\"\\"": 60",
  "parse "\\"hello\\"": 6568656c6c6f",
  "parse "\\"héllo\\"": 6668c3a96c6c6f",
  "parse "\\"unicode ✓ ☺ 日本\\"": 76756e69636f646520e29c9320e298ba20e697a5e69cac",
  "parse "\\"🌈\\"": 64f09f8c88",
  "parse "\\"with \\\\\\"escaped\\\\\\" quotes\\"": 7777697468205c22657363617065645c222071756f746573",
  "parse "\\"back\\\\\\\\slash\\"": 6b6261636b5c5c736c617368",
  "parse "\\"tab\\\\there\\"": 697461625c7468657265",
  "parse "\\"new\\\\nline\\"": 696e65775c6e6c696e65",
  "parse "\\"\\\\u0041\\"": 665c7530303431",
  "parse "\\"\\\\u00e9\\"": 665c7530306539",
  "parse "\\"\\\\ud83c\\\\udf08\\"": 6c5c75643833635c7564663038",
  "parse "\\"unterminated": throw:UnrecognizedToken@0-0",
  "parse "\\"bad \\\\x escape\\"": throw:UnrecognizedToken@0-0",
  "parse "\\"\\\\u12\\"": throw:UnrecognizedToken@0-0",
  "parse "h''": 40",
  "parse "h'00'": 4100",
  "parse "h'ff'": 41ff",
  "parse "h'FF'": 41ff",
  "parse "h'dead'": 42dead",
  "parse "h'deadbeef'": 44deadbeef",
  "parse "h'DeAdBeEf'": 44deadbeef",
  "parse "h'DEADBEEF'": 44deadbeef",
  "parse "h'0'": throw:InvalidHexString@0-4",
  "parse "h'zz'": throw:InvalidHexString@0-2",
  "parse "h'abc'": throw:InvalidHexString@0-6",
  "parse "h'de ad'": throw:InvalidHexString@0-4",
  "parse "b64''": throw:InvalidBase64String@0-5",
  "parse "b64'A'": throw:InvalidBase64String@0-6",
  "parse "b64'QQ=='": 4141",
  "parse "b64'QQ='": throw:InvalidBase64String@0-8",
  "parse "b64'QQ'": throw:InvalidBase64String@0-7",
  "parse "b64'SGVsbG8='": 4548656c6c6f",
  "parse "b64'SGVsbG8gV29ybGQ='": 4b48656c6c6f20576f726c64",
  "parse "b64'AQIDBAUGBwgJCg'": throw:InvalidBase64String@0-19",
  "parse "b64'AQIDBAUGBwgJCg='": throw:InvalidBase64String@0-20",
  "parse "b64'AQIDBAUGBwgJCg=='": 4a0102030405060708090a",
  "parse "b64'!!!invalid!!!'": throw:InvalidBase64String@0-4",
  "parse "b64'SGVsbG8gV29ybGQ'": throw:InvalidBase64String@0-20",
  "parse "2023-01-01": c11a63b0cd00",
  "parse "2023-02-08": c11a63e2e600",
  "parse "2023-12-25": c11a6588c600",
  "parse "1965-05-15": c13a08b6a9ff",
  "parse "2023-02-08T15:30:45Z": c11a63e3c025",
  "parse "2023-02-08T15:30:45.123Z": c1fb41d8f8f00947df3b",
  "parse "2023-12-25T10:30:45.123456Z": c1fb41d962567547df3b",
  "parse "2023-02-08T15:30:45+01:00": c11a63e3b215",
  "parse "2023-02-08T15:30:45-08:00": c11a63e430a5",
  "parse "2023-12-25T10:30:45+05:30": c11a65890c7d",
  "parse "2023": 1907e7",
  "parse "2023-02": throw:ExtraData@4-6",
  "parse "2023-13-01": throw:InvalidDateString@0-10",
  "parse "2023-02-30": throw:InvalidDateString@0-10",
  "parse "2023-01-32": throw:InvalidDateString@0-10",
  "parse "2023-00-15": throw:InvalidDateString@0-10",
  "parse "2023-06-00": throw:InvalidDateString@0-10",
  "parse "2024-02-29": c11a65dfc900",
  "parse "2023-02-29": throw:InvalidDateString@0-10",
  "parse "1970-01-01T00:00:00Z": c100",
  "parse "2000-01-01T00:00:00.000Z": c11a386d4380",
  "parse "2023-12-25T24:00:00Z": throw:InvalidDateString@0-20",
  "parse "2023-12-25T10:60:00Z": throw:InvalidDateString@0-20",
  "parse "2023-12-25T10:30:60Z": throw:InvalidDateString@0-20",
  "parse "2023-12-25T10:30:45": throw:InvalidDateString@0-19",
  "parse "1(1)": c101",
  "parse "42(123)": d82a187b",
  "parse "0(\\"x\\")": c06178",
  "parse "1(2023-01-01)": c1c11a63b0cd00",
  "parse "40024(1)": d99c5801",
  "parse "18446744073709551615(0)": dbffffffffffffffff00",
  "parse "18446744073709551616(0)": throw:InvalidTagValue@0-20",
  "parse "42()": throw:UnexpectedToken(ParenthesisClose)@3-4",
  "parse "42(1": throw:UnmatchedParentheses@3-4",
  "parse "42(1,2)": throw:UnmatchedParentheses@4-5",
  "parse "42 (1)": throw:ExtraData@3-4",
  "parse "-1(1)": throw:ExtraData@2-3",
  "parse "1.5(1)": throw:ExtraData@3-4",
  "parse "date(1)": c101",
  "parse "date(2023-01-01)": c1c11a63b0cd00",
  "parse "envelope(200(201(\\"x\\")))": d8c8d8c8d8c96178",
  "parse "digest(h'00')": d99c414100",
  "parse "nosuchtag(1)": throw:UnknownTagName@0-9",
  "parse "date(1": throw:UnexpectedEndOfInput",
  "parse "date 1": throw:UnrecognizedToken@0-0",
  "parse "seed({1: h'00'})": d99d6ca1014100",
  "parse "known-value(1)": d99c4001",
  "parse "encoded-cbor(1)": d81801",
  "parse "'1'": d99c4001",
  "parse "'0'": d99c4000",
  "parse "'42'": d99c40182a",
  "parse "'isA'": d99c4001",
  "parse "'date'": d99c4010",
  "parse "'note'": d99c4004",
  "parse "'18446744073709551615'": d99c401bffffffffffffffff",
  "parse "'18446744073709551616'": throw:InvalidKnownValue@1-21",
  "parse "'20000000000000000000'": throw:InvalidKnownValue@1-21",
  "parse "'nosuchvalue'": throw:UnknownKnownValueName@1-12",
  "parse "'01'": throw:UnrecognizedToken@0-0",
  "parse "'-1'": throw:UnrecognizedToken@0-0",
  "parse "'a b'": throw:UnrecognizedToken@0-0",
  "parse "'": throw:UnrecognizedToken@0-0",
  "parse "'isA": throw:UnrecognizedToken@0-0",
  "parse "'is-a'": throw:UnknownKnownValueName@1-5",
  "parse "'_x'": throw:UnknownKnownValueName@1-3",
  "parse "[]": 80",
  "parse "[1]": 8101",
  "parse "[1, 2, 3]": 83010203",
  "parse "[1,2,3]": 83010203",
  "parse "[ 1 , 2 ]": 820102",
  "parse "[\\"a\\", h'dead', 42]": 83616142dead182a",
  "parse "[[]]": 8180",
  "parse "[[1], [2, [3]]]": 82810182028103",
  "parse "[1, [2, [3, [4, [5]]]]]": 82018202820382048105",
  "parse "[1,]": throw:UnexpectedToken(BracketClose)@3-4",
  "parse "[,1]": throw:UnexpectedToken(Comma)@1-2",
  "parse "[1 2]": throw:ExpectedComma@3-4",
  "parse "[1": throw:UnexpectedEndOfInput",
  "parse "1]": throw:ExtraData@1-2",
  "parse "[1, 2": throw:UnexpectedEndOfInput",
  "parse "[]]": throw:ExtraData@2-3",
  "parse "[1965-05-15, 2000-07-25, 2004-10-30]": 83c13a08b6a9ffc11a397cd880c11a4182d980",
  "parse "[true, false, null, NaN, Infinity, -Infinity]": 86f5f4f6f97e00f97c00f9fc00",
  "parse "{}": a0",
  "parse "{1: 2}": a10102",
  "parse "{\\"a\\": 1}": a1616101",
  "parse "{\\"b\\": 2, \\"a\\": 1}": a2616101616202",
  "parse "{1: 2, 3: 4}": a201020304",
  "parse "{1: 2 3: 4}": throw:ExpectedComma@6-7",
  "parse "{1 2": throw:ExpectedColon@3-4",
  "parse "{1": throw:ExpectedColon@1-2",
  "parse "{\\"k\\"": throw:ExpectedColon@1-4",
  "parse "{1: 2, 1: 3}": throw:DuplicateMapKey@7-8",
  "parse "{1: {2: 3}}": a101a10203",
  "parse "{[1]: 2}": a1810102",
  "parse "{{1: 2}: 3}": a1a1010203",
  "parse "{1:}": throw:ExpectedMapKey@3-4",
  "parse "{:1}": throw:UnexpectedToken(Colon)@1-2",
  "parse "{1: 2,}": throw:UnexpectedToken(BraceClose)@6-7",
  "parse "{,}": throw:UnexpectedToken(Comma)@1-2",
  "parse "{1, 2}": throw:ExpectedColon@2-3",
  "parse "{1: 2": throw:UnmatchedBraces@4-5",
  "parse "1: 2}": throw:ExtraData@1-2",
  "parse "{h'00': 1, 1: 2, \\"a\\": 3, [1]: 4, -1: 5, 0.5: 6}": a601022005410001616103810104f9380006",
  "parse "{2: 1, 1: 2, 10: 3, -1: 4, \\"z\\": 5, \\"a\\": 6, \\"aa\\": 7}": a7010202010a032004616106617a0562616107",
  "parse "ur:date/cyisdadmlasgtapttx": throw:InvalidUr@0-26",
  "parse "ur:foobar/cyisdadmlasgtapttl": throw:UnknownUrType@3-9",
  "parse "ur:date/cyisdadmlasgtapttl": c11a68252e80",
  "parse "ur:date/": throw:UnrecognizedToken@0-0",
  "parse "ur:/abc": throw:UnrecognizedToken@0-0",
  "parse "ur:date/abc": throw:UnrecognizedToken@0-0",
  "parse "ur:DATE/cyisdadmlasgtapttx": throw:InvalidUr@0-26",
  "parse " 1 ": 01",
  "parse "\\t1\\n": 01",
  "parse "1 # comment": 01",
  "parse "# comment\\n1": 01",
  "parse "1 /inline/": 01",
  "parse "/c/ 1": 01",
  "parse "//42": 182a",
  "parse "/unterminated 1": throw:UnrecognizedToken@0-0",
  "parse "1 // 2": throw:ExtraData@5-6",
  "parse "[1, # one\\n 2]": 820102",
  "parse "": throw:EmptyInput",
  "parse " ": throw:EmptyInput",
  "parse "\\n": throw:EmptyInput",
  "parse "#": throw:EmptyInput",
  "parse "/": throw:UnrecognizedToken@0-0",
  "parse "truex": throw:ExtraData@4-5",
  "parse "-Infinityzz": throw:ExtraData@9-10",
  "parse "nullx": throw:ExtraData@4-5",
  "parse "1x": throw:ExtraData@1-2",
  "parse "1 2": throw:ExtraData@2-3",
  "parse "\\"a\\" \\"b\\"": throw:ExtraData@4-7",
  "parse "[1] [2]": throw:ExtraData@4-5",
  "parse "true false": throw:ExtraData@5-10",
  "parse ")": throw:UnexpectedToken(ParenthesisClose)@0-1",
  "parse "(": throw:UnexpectedToken(ParenthesisOpen)@0-1",
  "parse ":": throw:UnexpectedToken(Colon)@0-1",
  "parse ",": throw:UnexpectedToken(Comma)@0-1",
  "parse "]": throw:UnexpectedToken(BracketClose)@0-1",
  "parse "}": throw:UnexpectedToken(BraceClose)@0-1",
  "parse "42(": throw:UnexpectedEndOfInput",
  "parse "@": throw:UnrecognizedToken@0-0",
  "parse "1.2.3": throw:ExtraData@3-4",
  "parse "..": throw:UnrecognizedToken@0-0",
  "parse "-": throw:UnrecognizedToken@0-0",
  "parse "+": throw:UnrecognizedToken@0-0",
  "partial "true": f5@4",
  "partial "false": f4@5",
  "partial "null": f6@4",
  "partial "NaN": f97e00@3",
  "partial "Infinity": f97c00@8",
  "partial "-Infinity": f9fc00@9",
  "partial "Unit": d99c4000@4",
  "partial "''": d99c4000@2",
  "partial "0": 00@1",
  "partial "1": 01@1",
  "partial "-1": 20@2",
  "partial "42": 182a@2",
  "partial "-42": 3829@3",
  "partial "23": 17@2",
  "partial "24": 1818@2",
  "partial "255": 18ff@3",
  "partial "256": 190100@3",
  "partial "65535": 19ffff@5",
  "partial "65536": 1a00010000@5",
  "partial "4294967295": 1affffffff@10",
  "partial "4294967296": 1b0000000100000000@10",
  "partial "9007199254740991": 1b001fffffffffffff@16",
  "partial "9007199254740992": 1b0020000000000000@16",
  "partial "18446744073709551615": fa5f800000@20",
  "partial "18446744073709551616": fa5f800000@20",
  "partial "-18446744073709551616": 3bffffffffffffffff@21",
  "partial "-18446744073709551617": 3bffffffffffffffff@21",
  "partial "3.14": fb40091eb851eb851f@4",
  "partial "-0.5": f9b800@4",
  "partial "1.0": 01@3",
  "partial "1e3": 1903e8@3",
  "partial "1.5e-3": fb3f589374bc6a7efa@6",
  "partial "1E3": 1903e8@3",
  "partial "0.1": fb3fb999999999999a@3",
  "partial "-0": 00@2",
  "partial "00": 00@1",
  "partial "007": 00@1",
  "partial "1_000": 01@1",
  "partial "0x10": 00@1",
  "partial "+1": throw:UnrecognizedToken@0-0",
  "partial ".5": throw:UnrecognizedToken@0-0",
  "partial "5.": 05@1",
  "partial "1e": 01@1",
  "partial "--1": throw:UnrecognizedToken@0-0",
  "partial "\\"\\"": 60@2",
  "partial "\\"hello\\"": 6568656c6c6f@7",
  "partial "\\"héllo\\"": 6668c3a96c6c6f@7",
  "partial "\\"unicode ✓ ☺ 日本\\"": 76756e69636f646520e29c9320e298ba20e697a5e69cac@16",
  "partial "\\"🌈\\"": 64f09f8c88@4",
  "partial "\\"with \\\\\\"escaped\\\\\\" quotes\\"": 7777697468205c22657363617065645c222071756f746573@25",
  "partial "\\"back\\\\\\\\slash\\"": 6b6261636b5c5c736c617368@13",
  "partial "\\"tab\\\\there\\"": 697461625c7468657265@11",
  "partial "\\"new\\\\nline\\"": 696e65775c6e6c696e65@11",
  "partial "\\"\\\\u0041\\"": 665c7530303431@8",
  "partial "\\"\\\\u00e9\\"": 665c7530306539@8",
  "partial "\\"\\\\ud83c\\\\udf08\\"": 6c5c75643833635c7564663038@14",
  "partial "\\"unterminated": throw:UnrecognizedToken@0-0",
  "partial "\\"bad \\\\x escape\\"": throw:UnrecognizedToken@0-0",
  "partial "\\"\\\\u12\\"": throw:UnrecognizedToken@0-0",
  "partial "h''": 40@3",
  "partial "h'00'": 4100@5",
  "partial "h'ff'": 41ff@5",
  "partial "h'FF'": 41ff@5",
  "partial "h'dead'": 42dead@7",
  "partial "h'deadbeef'": 44deadbeef@11",
  "partial "h'DeAdBeEf'": 44deadbeef@11",
  "partial "h'DEADBEEF'": 44deadbeef@11",
  "partial "h'0'": throw:InvalidHexString@0-4",
  "partial "h'zz'": throw:InvalidHexString@0-2",
  "partial "h'abc'": throw:InvalidHexString@0-6",
  "partial "h'de ad'": throw:InvalidHexString@0-4",
  "partial "b64''": throw:InvalidBase64String@0-5",
  "partial "b64'A'": throw:InvalidBase64String@0-6",
  "partial "b64'QQ=='": 4141@9",
  "partial "b64'QQ='": throw:InvalidBase64String@0-8",
  "partial "b64'QQ'": throw:InvalidBase64String@0-7",
  "partial "b64'SGVsbG8='": 4548656c6c6f@13",
  "partial "b64'SGVsbG8gV29ybGQ='": 4b48656c6c6f20576f726c64@21",
  "partial "b64'AQIDBAUGBwgJCg'": throw:InvalidBase64String@0-19",
  "partial "b64'AQIDBAUGBwgJCg='": throw:InvalidBase64String@0-20",
  "partial "b64'AQIDBAUGBwgJCg=='": 4a0102030405060708090a@21",
  "partial "b64'!!!invalid!!!'": throw:InvalidBase64String@0-4",
  "partial "b64'SGVsbG8gV29ybGQ'": throw:InvalidBase64String@0-20",
  "partial "2023-01-01": c11a63b0cd00@10",
  "partial "2023-02-08": c11a63e2e600@10",
  "partial "2023-12-25": c11a6588c600@10",
  "partial "1965-05-15": c13a08b6a9ff@10",
  "partial "2023-02-08T15:30:45Z": c11a63e3c025@20",
  "partial "2023-02-08T15:30:45.123Z": c1fb41d8f8f00947df3b@24",
  "partial "2023-12-25T10:30:45.123456Z": c1fb41d962567547df3b@27",
  "partial "2023-02-08T15:30:45+01:00": c11a63e3b215@25",
  "partial "2023-02-08T15:30:45-08:00": c11a63e430a5@25",
  "partial "2023-12-25T10:30:45+05:30": c11a65890c7d@25",
  "partial "2023": 1907e7@4",
  "partial "2023-02": 1907e7@4",
  "partial "2023-13-01": throw:InvalidDateString@0-10",
  "partial "2023-02-30": throw:InvalidDateString@0-10",
  "partial "2023-01-32": throw:InvalidDateString@0-10",
  "partial "2023-00-15": throw:InvalidDateString@0-10",
  "partial "2023-06-00": throw:InvalidDateString@0-10",
  "partial "2024-02-29": c11a65dfc900@10",
  "partial "2023-02-29": throw:InvalidDateString@0-10",
  "partial "1970-01-01T00:00:00Z": c100@20",
  "partial "2000-01-01T00:00:00.000Z": c11a386d4380@24",
  "partial "2023-12-25T24:00:00Z": throw:InvalidDateString@0-20",
  "partial "2023-12-25T10:60:00Z": throw:InvalidDateString@0-20",
  "partial "2023-12-25T10:30:60Z": throw:InvalidDateString@0-20",
  "partial "2023-12-25T10:30:45": throw:InvalidDateString@0-19",
  "partial "1(1)": c101@4",
  "partial "42(123)": d82a187b@7",
  "partial "0(\\"x\\")": c06178@6",
  "partial "1(2023-01-01)": c1c11a63b0cd00@13",
  "partial "40024(1)": d99c5801@8",
  "partial "18446744073709551615(0)": dbffffffffffffffff00@23",
  "partial "18446744073709551616(0)": throw:InvalidTagValue@0-20",
  "partial "42()": throw:UnexpectedToken(ParenthesisClose)@3-4",
  "partial "42(1": throw:UnmatchedParentheses@3-4",
  "partial "42(1,2)": throw:UnmatchedParentheses@4-5",
  "partial "42 (1)": 182a@3",
  "partial "-1(1)": 20@2",
  "partial "1.5(1)": f93e00@3",
  "partial "date(1)": c101@7",
  "partial "date(2023-01-01)": c1c11a63b0cd00@16",
  "partial "envelope(200(201(\\"x\\")))": d8c8d8c8d8c96178@23",
  "partial "digest(h'00')": d99c414100@13",
  "partial "nosuchtag(1)": throw:UnknownTagName@0-9",
  "partial "date(1": throw:UnexpectedEndOfInput",
  "partial "date 1": throw:UnrecognizedToken@0-0",
  "partial "seed({1: h'00'})": d99d6ca1014100@16",
  "partial "known-value(1)": d99c4001@14",
  "partial "encoded-cbor(1)": d81801@15",
  "partial "'1'": d99c4001@3",
  "partial "'0'": d99c4000@3",
  "partial "'42'": d99c40182a@4",
  "partial "'isA'": d99c4001@5",
  "partial "'date'": d99c4010@6",
  "partial "'note'": d99c4004@6",
  "partial "'18446744073709551615'": d99c401bffffffffffffffff@22",
  "partial "'18446744073709551616'": throw:InvalidKnownValue@1-21",
  "partial "'20000000000000000000'": throw:InvalidKnownValue@1-21",
  "partial "'nosuchvalue'": throw:UnknownKnownValueName@1-12",
  "partial "'01'": throw:UnrecognizedToken@0-0",
  "partial "'-1'": throw:UnrecognizedToken@0-0",
  "partial "'a b'": throw:UnrecognizedToken@0-0",
  "partial "'": throw:UnrecognizedToken@0-0",
  "partial "'isA": throw:UnrecognizedToken@0-0",
  "partial "'is-a'": throw:UnknownKnownValueName@1-5",
  "partial "'_x'": throw:UnknownKnownValueName@1-3",
  "partial "[]": 80@2",
  "partial "[1]": 8101@3",
  "partial "[1, 2, 3]": 83010203@9",
  "partial "[1,2,3]": 83010203@7",
  "partial "[ 1 , 2 ]": 820102@9",
  "partial "[\\"a\\", h'dead', 42]": 83616142dead182a@18",
  "partial "[[]]": 8180@4",
  "partial "[[1], [2, [3]]]": 82810182028103@15",
  "partial "[1, [2, [3, [4, [5]]]]]": 82018202820382048105@23",
  "partial "[1,]": throw:UnexpectedToken(BracketClose)@3-4",
  "partial "[,1]": throw:UnexpectedToken(Comma)@1-2",
  "partial "[1 2]": throw:ExpectedComma@3-4",
  "partial "[1": throw:UnexpectedEndOfInput",
  "partial "1]": 01@1",
  "partial "[1, 2": throw:UnexpectedEndOfInput",
  "partial "[]]": 80@2",
  "partial "[1965-05-15, 2000-07-25, 2004-10-30]": 83c13a08b6a9ffc11a397cd880c11a4182d980@36",
  "partial "[true, false, null, NaN, Infinity, -Infinity]": 86f5f4f6f97e00f97c00f9fc00@45",
  "partial "{}": a0@2",
  "partial "{1: 2}": a10102@6",
  "partial "{\\"a\\": 1}": a1616101@8",
  "partial "{\\"b\\": 2, \\"a\\": 1}": a2616101616202@16",
  "partial "{1: 2, 3: 4}": a201020304@12",
  "partial "{1: 2 3: 4}": throw:ExpectedComma@6-7",
  "partial "{1 2": throw:ExpectedColon@3-4",
  "partial "{1": throw:ExpectedColon@1-2",
  "partial "{\\"k\\"": throw:ExpectedColon@1-4",
  "partial "{1: 2, 1: 3}": throw:DuplicateMapKey@7-8",
  "partial "{1: {2: 3}}": a101a10203@11",
  "partial "{[1]: 2}": a1810102@8",
  "partial "{{1: 2}: 3}": a1a1010203@11",
  "partial "{1:}": throw:ExpectedMapKey@3-4",
  "partial "{:1}": throw:UnexpectedToken(Colon)@1-2",
  "partial "{1: 2,}": throw:UnexpectedToken(BraceClose)@6-7",
  "partial "{,}": throw:UnexpectedToken(Comma)@1-2",
  "partial "{1, 2}": throw:ExpectedColon@2-3",
  "partial "{1: 2": throw:UnmatchedBraces@4-5",
  "partial "1: 2}": 01@1",
  "partial "{h'00': 1, 1: 2, \\"a\\": 3, [1]: 4, -1: 5, 0.5: 6}": a601022005410001616103810104f9380006@47",
  "partial "{2: 1, 1: 2, 10: 3, -1: 4, \\"z\\": 5, \\"a\\": 6, \\"aa\\": 7}": a7010202010a032004616106617a0562616107@51",
  "partial "ur:date/cyisdadmlasgtapttx": throw:InvalidUr@0-26",
  "partial "ur:foobar/cyisdadmlasgtapttl": throw:UnknownUrType@3-9",
  "partial "ur:date/cyisdadmlasgtapttl": c11a68252e80@26",
  "partial "ur:date/": throw:UnrecognizedToken@0-0",
  "partial "ur:/abc": throw:UnrecognizedToken@0-0",
  "partial "ur:date/abc": throw:UnrecognizedToken@0-0",
  "partial "ur:DATE/cyisdadmlasgtapttx": throw:InvalidUr@0-26",
  "partial " 1 ": 01@3",
  "partial "\\t1\\n": 01@3",
  "partial "1 # comment": 01@11",
  "partial "# comment\\n1": 01@11",
  "partial "1 /inline/": 01@10",
  "partial "/c/ 1": 01@5",
  "partial "//42": 182a@4",
  "partial "/unterminated 1": throw:UnrecognizedToken@0-0",
  "partial "1 // 2": 01@5",
  "partial "[1, # one\\n 2]": 820102@13",
  "partial "": throw:EmptyInput",
  "partial " ": throw:EmptyInput",
  "partial "\\n": throw:EmptyInput",
  "partial "#": throw:EmptyInput",
  "partial "/": throw:UnrecognizedToken@0-0",
  "partial "truex": f5@4",
  "partial "-Infinityzz": f9fc00@9",
  "partial "nullx": f6@4",
  "partial "1x": 01@1",
  "partial "1 2": 01@2",
  "partial "\\"a\\" \\"b\\"": 6161@4",
  "partial "[1] [2]": 8101@4",
  "partial "true false": f5@5",
  "partial ")": throw:UnexpectedToken(ParenthesisClose)@0-1",
  "partial "(": throw:UnexpectedToken(ParenthesisOpen)@0-1",
  "partial ":": throw:UnexpectedToken(Colon)@0-1",
  "partial ",": throw:UnexpectedToken(Comma)@0-1",
  "partial "]": throw:UnexpectedToken(BracketClose)@0-1",
  "partial "}": throw:UnexpectedToken(BraceClose)@0-1",
  "partial "42(": throw:UnexpectedEndOfInput",
  "partial "@": throw:UnrecognizedToken@0-0",
  "partial "1.2.3": fb3ff3333333333333@3",
  "partial "..": throw:UnrecognizedToken@0-0",
  "partial "-": throw:UnrecognizedToken@0-0",
  "partial "+": throw:UnrecognizedToken@0-0",
  "composeArray "": 80",
  "composeArray "1 | 2 | 3": 83010203",
  "composeArray "\\"a\\" | h'dead' | 42": 83616142dead182a",
  "composeArray "[1, 2] | [3]": 828201028103",
  "composeArray "1 | ": throw:Compose:ParseError:EmptyInput",
  "composeArray "1 | [ | 2": throw:Compose:ParseError:UnexpectedEndOfInput",
  "composeMap "": a0",
  "composeMap "1 | 2": a10102",
  "composeMap "1 | 2 | 3 | 4": a201020304",
  "composeMap "\\"b\\" | 2 | \\"a\\" | 1": a2616101616202",
  "composeMap "1 | {2: 3}": a101a10203",
  "composeMap "1 | 2 | 1 | 3": throw:Compose:DuplicateMapKey",
  "composeMap "1": throw:Compose:OddMapLength",
  "composeMap "1 | 2 | 3": throw:Compose:OddMapLength",
  "composeMap " | 1": throw:Compose:ParseError:EmptyInput",
  "composeMap "1 | ]": throw:Compose:ParseError:UnexpectedToken(BracketClose)@0-1",
]
`;

exports[`golden: hand corpus every hand-written source, parse and partial, and the compose calls 1`] = `
[
  "parse "true": f5",
  "parse "false": f4",
  "parse "null": f6",
  "parse "NaN": f97e00",
  "parse "Infinity": f97c00",
  "parse "-Infinity": f9fc00",
  "parse "Unit": d99c4000",
  "parse "''": d99c4000",
  "parse "0": 00",
  "parse "1": 01",
  "parse "-1": 20",
  "parse "42": 182a",
  "parse "-42": 3829",
  "parse "23": 17",
  "parse "24": 1818",
  "parse "255": 18ff",
  "parse "256": 190100",
  "parse "65535": 19ffff",
  "parse "65536": 1a00010000",
  "parse "4294967295": 1affffffff",
  "parse "4294967296": 1b0000000100000000",
  "parse "9007199254740991": 1b001fffffffffffff",
  "parse "9007199254740992": 1b0020000000000000",
  "parse "18446744073709551615": fa5f800000",
  "parse "18446744073709551616": fa5f800000",
  "parse "-18446744073709551616": 3bffffffffffffffff",
  "parse "-18446744073709551617": 3bffffffffffffffff",
  "parse "3.14": fb40091eb851eb851f",
  "parse "-0.5": f9b800",
  "parse "1.0": 01",
  "parse "1e3": 1903e8",
  "parse "1.5e-3": fb3f589374bc6a7efa",
  "parse "1E3": 1903e8",
  "parse "0.1": fb3fb999999999999a",
  "parse "-0": 00",
  "parse "00": throw:ExtraData@1-2",
  "parse "007": throw:ExtraData@1-2",
  "parse "1_000": throw:ExtraData@1-2",
  "parse "0x10": throw:ExtraData@1-2",
  "parse "+1": throw:UnrecognizedToken@0-0",
  "parse ".5": throw:UnrecognizedToken@0-0",
  "parse "5.": throw:ExtraData@1-2",
  "parse "1e": throw:ExtraData@1-2",
  "parse "--1": throw:UnrecognizedToken@0-0",
  "parse "\\"\\"": 60",
  "parse "\\"hello\\"": 6568656c6c6f",
  "parse "\\"héllo\\"": 6668c3a96c6c6f",
  "parse "\\"unicode ✓ ☺ 日本\\"": 76756e69636f646520e29c9320e298ba20e697a5e69cac",
  "parse "\\"🌈\\"": 64f09f8c88",
  "parse "\\"with \\\\\\"escaped\\\\\\" quotes\\"": 7777697468205c22657363617065645c222071756f746573",
  "parse "\\"back\\\\\\\\slash\\"": 6b6261636b5c5c736c617368",
  "parse "\\"tab\\\\there\\"": 697461625c7468657265",
  "parse "\\"new\\\\nline\\"": 696e65775c6e6c696e65",
  "parse "\\"\\\\u0041\\"": 665c7530303431",
  "parse "\\"\\\\u00e9\\"": 665c7530306539",
  "parse "\\"\\\\ud83c\\\\udf08\\"": 6c5c75643833635c7564663038",
  "parse "\\"unterminated": throw:UnrecognizedToken@0-0",
  "parse "\\"bad \\\\x escape\\"": throw:UnrecognizedToken@0-0",
  "parse "\\"\\\\u12\\"": throw:UnrecognizedToken@0-0",
  "parse "h''": 40",
  "parse "h'00'": 4100",
  "parse "h'ff'": 41ff",
  "parse "h'FF'": 41ff",
  "parse "h'dead'": 42dead",
  "parse "h'deadbeef'": 44deadbeef",
  "parse "h'DeAdBeEf'": 44deadbeef",
  "parse "h'DEADBEEF'": 44deadbeef",
  "parse "h'0'": throw:InvalidHexString@0-4",
  "parse "h'zz'": throw:InvalidHexString@0-2",
  "parse "h'abc'": throw:InvalidHexString@0-6",
  "parse "h'de ad'": throw:InvalidHexString@0-4",
  "parse "b64''": throw:InvalidBase64String@0-5",
  "parse "b64'A'": throw:InvalidBase64String@0-6",
  "parse "b64'QQ=='": 4141",
  "parse "b64'QQ='": throw:InvalidBase64String@0-8",
  "parse "b64'QQ'": throw:InvalidBase64String@0-7",
  "parse "b64'SGVsbG8='": 4548656c6c6f",
  "parse "b64'SGVsbG8gV29ybGQ='": 4b48656c6c6f20576f726c64",
  "parse "b64'AQIDBAUGBwgJCg'": throw:InvalidBase64String@0-19",
  "parse "b64'AQIDBAUGBwgJCg='": throw:InvalidBase64String@0-20",
  "parse "b64'AQIDBAUGBwgJCg=='": 4a0102030405060708090a",
  "parse "b64'!!!invalid!!!'": throw:InvalidBase64String@0-4",
  "parse "b64'SGVsbG8gV29ybGQ'": throw:InvalidBase64String@0-20",
  "parse "2023-01-01": c11a63b0cd00",
  "parse "2023-02-08": c11a63e2e600",
  "parse "2023-12-25": c11a6588c600",
  "parse "1965-05-15": c13a08b6a9ff",
  "parse "2023-02-08T15:30:45Z": c11a63e3c025",
  "parse "2023-02-08T15:30:45.123Z": c1fb41d8f8f00947df3b",
  "parse "2023-12-25T10:30:45.123456Z": c1fb41d962567547df3b",
  "parse "2023-02-08T15:30:45+01:00": c11a63e3b215",
  "parse "2023-02-08T15:30:45-08:00": c11a63e430a5",
  "parse "2023-12-25T10:30:45+05:30": c11a65890c7d",
  "parse "2023": 1907e7",
  "parse "2023-02": throw:ExtraData@4-6",
  "parse "2023-13-01": throw:InvalidDateString@0-10",
  "parse "2023-02-30": throw:InvalidDateString@0-10",
  "parse "2023-01-32": throw:InvalidDateString@0-10",
  "parse "2023-00-15": throw:InvalidDateString@0-10",
  "parse "2023-06-00": throw:InvalidDateString@0-10",
  "parse "2024-02-29": c11a65dfc900",
  "parse "2023-02-29": throw:InvalidDateString@0-10",
  "parse "1970-01-01T00:00:00Z": c100",
  "parse "2000-01-01T00:00:00.000Z": c11a386d4380",
  "parse "2023-12-25T24:00:00Z": throw:InvalidDateString@0-20",
  "parse "2023-12-25T10:60:00Z": throw:InvalidDateString@0-20",
  "parse "2023-12-25T10:30:60Z": throw:InvalidDateString@0-20",
  "parse "2023-12-25T10:30:45": throw:InvalidDateString@0-19",
  "parse "1(1)": c101",
  "parse "42(123)": d82a187b",
  "parse "0(\\"x\\")": c06178",
  "parse "1(2023-01-01)": c1c11a63b0cd00",
  "parse "40024(1)": d99c5801",
  "parse "18446744073709551615(0)": dbffffffffffffffff00",
  "parse "18446744073709551616(0)": throw:InvalidTagValue@0-20",
  "parse "42()": throw:UnexpectedToken(ParenthesisClose)@3-4",
  "parse "42(1": throw:UnmatchedParentheses@3-4",
  "parse "42(1,2)": throw:UnmatchedParentheses@4-5",
  "parse "42 (1)": throw:ExtraData@3-4",
  "parse "-1(1)": throw:ExtraData@2-3",
  "parse "1.5(1)": throw:ExtraData@3-4",
  "parse "date(1)": c101",
  "parse "date(2023-01-01)": c1c11a63b0cd00",
  "parse "envelope(200(201(\\"x\\")))": d8c8d8c8d8c96178",
  "parse "digest(h'00')": d99c414100",
  "parse "nosuchtag(1)": throw:UnknownTagName@0-9",
  "parse "date(1": throw:UnexpectedEndOfInput",
  "parse "date 1": throw:UnrecognizedToken@0-0",
  "parse "seed({1: h'00'})": d99d6ca1014100",
  "parse "known-value(1)": d99c4001",
  "parse "encoded-cbor(1)": d81801",
  "parse "'1'": d99c4001",
  "parse "'0'": d99c4000",
  "parse "'42'": d99c40182a",
  "parse "'isA'": d99c4001",
  "parse "'date'": d99c4010",
  "parse "'note'": d99c4004",
  "parse "'18446744073709551615'": d99c401bffffffffffffffff",
  "parse "'18446744073709551616'": throw:InvalidKnownValue@1-21",
  "parse "'20000000000000000000'": throw:InvalidKnownValue@1-21",
  "parse "'nosuchvalue'": throw:UnknownKnownValueName@1-12",
  "parse "'01'": throw:UnrecognizedToken@0-0",
  "parse "'-1'": throw:UnrecognizedToken@0-0",
  "parse "'a b'": throw:UnrecognizedToken@0-0",
  "parse "'": throw:UnrecognizedToken@0-0",
  "parse "'isA": throw:UnrecognizedToken@0-0",
  "parse "'is-a'": throw:UnknownKnownValueName@1-5",
  "parse "'_x'": throw:UnknownKnownValueName@1-3",
  "parse "[]": 80",
  "parse "[1]": 8101",
  "parse "[1, 2, 3]": 83010203",
  "parse "[1,2,3]": 83010203",
  "parse "[ 1 , 2 ]": 820102",
  "parse "[\\"a\\", h'dead', 42]": 83616142dead182a",
  "parse "[[]]": 8180",
  "parse "[[1], [2, [3]]]": 82810182028103",
  "parse "[1, [2, [3, [4, [5]]]]]": 82018202820382048105",
  "parse "[1,]": throw:UnexpectedToken(BracketClose)@3-4",
  "parse "[,1]": throw:UnexpectedToken(Comma)@1-2",
  "parse "[1 2]": throw:ExpectedComma@3-4",
  "parse "[1": throw:UnexpectedEndOfInput",
  "parse "1]": throw:ExtraData@1-2",
  "parse "[1, 2": throw:UnexpectedEndOfInput",
  "parse "[]]": throw:ExtraData@2-3",
  "parse "[1965-05-15, 2000-07-25, 2004-10-30]": 83c13a08b6a9ffc11a397cd880c11a4182d980",
  "parse "[true, false, null, NaN, Infinity, -Infinity]": 86f5f4f6f97e00f97c00f9fc00",
  "parse "{}": a0",
  "parse "{1: 2}": a10102",
  "parse "{\\"a\\": 1}": a1616101",
  "parse "{\\"b\\": 2, \\"a\\": 1}": a2616101616202",
  "parse "{1: 2, 3: 4}": a201020304",
  "parse "{1: 2 3: 4}": throw:ExpectedComma@6-7",
  "parse "{1 2": throw:ExpectedColon@3-4",
  "parse "{1": throw:ExpectedColon@1-2",
  "parse "{\\"k\\"": throw:ExpectedColon@1-4",
  "parse "{1: 2, 1: 3}": throw:DuplicateMapKey@7-8",
  "parse "{1: {2: 3}}": a101a10203",
  "parse "{[1]: 2}": a1810102",
  "parse "{{1: 2}: 3}": a1a1010203",
  "parse "{1:}": throw:ExpectedMapKey@3-4",
  "parse "{:1}": throw:UnexpectedToken(Colon)@1-2",
  "parse "{1: 2,}": throw:UnexpectedToken(BraceClose)@6-7",
  "parse "{,}": throw:UnexpectedToken(Comma)@1-2",
  "parse "{1, 2}": throw:ExpectedColon@2-3",
  "parse "{1: 2": throw:UnmatchedBraces@4-5",
  "parse "1: 2}": throw:ExtraData@1-2",
  "parse "{h'00': 1, 1: 2, \\"a\\": 3, [1]: 4, -1: 5, 0.5: 6}": a601022005410001616103810104f9380006",
  "parse "{2: 1, 1: 2, 10: 3, -1: 4, \\"z\\": 5, \\"a\\": 6, \\"aa\\": 7}": a7010202010a032004616106617a0562616107",
  "parse "ur:date/cyisdadmlasgtapttx": throw:InvalidUr@0-26",
  "parse "ur:foobar/cyisdadmlasgtapttl": throw:UnknownUrType@3-9",
  "parse "ur:date/cyisdadmlasgtapttl": c11a68252e80",
  "parse "ur:date/": throw:UnrecognizedToken@0-0",
  "parse "ur:/abc": throw:UnrecognizedToken@0-0",
  "parse "ur:date/abc": throw:UnrecognizedToken@0-0",
  "parse "ur:DATE/cyisdadmlasgtapttx": throw:InvalidUr@0-26",
  "parse " 1 ": 01",
  "parse "\\t1\\n": 01",
  "parse "1 # comment": 01",
  "parse "# comment\\n1": 01",
  "parse "1 /inline/": 01",
  "parse "/c/ 1": 01",
  "parse "//42": 182a",
  "parse "/unterminated 1": throw:UnrecognizedToken@0-0",
  "parse "1 // 2": throw:ExtraData@5-6",
  "parse "[1, # one\\n 2]": 820102",
  "parse "": throw:EmptyInput",
  "parse " ": throw:EmptyInput",
  "parse "\\n": throw:EmptyInput",
  "parse "#": throw:EmptyInput",
  "parse "/": throw:UnrecognizedToken@0-0",
  "parse "truex": throw:ExtraData@4-5",
  "parse "-Infinityzz": throw:ExtraData@9-10",
  "parse "nullx": throw:ExtraData@4-5",
  "parse "1x": throw:ExtraData@1-2",
  "parse "1 2": throw:ExtraData@2-3",
  "parse "\\"a\\" \\"b\\"": throw:ExtraData@4-7",
  "parse "[1] [2]": throw:ExtraData@4-5",
  "parse "true false": throw:ExtraData@5-10",
  "parse ")": throw:UnexpectedToken(ParenthesisClose)@0-1",
  "parse "(": throw:UnexpectedToken(ParenthesisOpen)@0-1",
  "parse ":": throw:UnexpectedToken(Colon)@0-1",
  "parse ",": throw:UnexpectedToken(Comma)@0-1",
  "parse "]": throw:UnexpectedToken(BracketClose)@0-1",
  "parse "}": throw:UnexpectedToken(BraceClose)@0-1",
  "parse "42(": throw:UnexpectedEndOfInput",
  "parse "@": throw:UnrecognizedToken@0-0",
  "parse "1.2.3": throw:ExtraData@3-4",
  "parse "..": throw:UnrecognizedToken@0-0",
  "parse "-": throw:UnrecognizedToken@0-0",
  "parse "+": throw:UnrecognizedToken@0-0",
  "partial "true": f5@4",
  "partial "false": f4@5",
  "partial "null": f6@4",
  "partial "NaN": f97e00@3",
  "partial "Infinity": f97c00@8",
  "partial "-Infinity": f9fc00@9",
  "partial "Unit": d99c4000@4",
  "partial "''": d99c4000@2",
  "partial "0": 00@1",
  "partial "1": 01@1",
  "partial "-1": 20@2",
  "partial "42": 182a@2",
  "partial "-42": 3829@3",
  "partial "23": 17@2",
  "partial "24": 1818@2",
  "partial "255": 18ff@3",
  "partial "256": 190100@3",
  "partial "65535": 19ffff@5",
  "partial "65536": 1a00010000@5",
  "partial "4294967295": 1affffffff@10",
  "partial "4294967296": 1b0000000100000000@10",
  "partial "9007199254740991": 1b001fffffffffffff@16",
  "partial "9007199254740992": 1b0020000000000000@16",
  "partial "18446744073709551615": fa5f800000@20",
  "partial "18446744073709551616": fa5f800000@20",
  "partial "-18446744073709551616": 3bffffffffffffffff@21",
  "partial "-18446744073709551617": 3bffffffffffffffff@21",
  "partial "3.14": fb40091eb851eb851f@4",
  "partial "-0.5": f9b800@4",
  "partial "1.0": 01@3",
  "partial "1e3": 1903e8@3",
  "partial "1.5e-3": fb3f589374bc6a7efa@6",
  "partial "1E3": 1903e8@3",
  "partial "0.1": fb3fb999999999999a@3",
  "partial "-0": 00@2",
  "partial "00": 00@1",
  "partial "007": 00@1",
  "partial "1_000": 01@1",
  "partial "0x10": 00@1",
  "partial "+1": throw:UnrecognizedToken@0-0",
  "partial ".5": throw:UnrecognizedToken@0-0",
  "partial "5.": 05@1",
  "partial "1e": 01@1",
  "partial "--1": throw:UnrecognizedToken@0-0",
  "partial "\\"\\"": 60@2",
  "partial "\\"hello\\"": 6568656c6c6f@7",
  "partial "\\"héllo\\"": 6668c3a96c6c6f@7",
  "partial "\\"unicode ✓ ☺ 日本\\"": 76756e69636f646520e29c9320e298ba20e697a5e69cac@16",
  "partial "\\"🌈\\"": 64f09f8c88@4",
  "partial "\\"with \\\\\\"escaped\\\\\\" quotes\\"": 7777697468205c22657363617065645c222071756f746573@25",
  "partial "\\"back\\\\\\\\slash\\"": 6b6261636b5c5c736c617368@13",
  "partial "\\"tab\\\\there\\"": 697461625c7468657265@11",
  "partial "\\"new\\\\nline\\"": 696e65775c6e6c696e65@11",
  "partial "\\"\\\\u0041\\"": 665c7530303431@8",
  "partial "\\"\\\\u00e9\\"": 665c7530306539@8",
  "partial "\\"\\\\ud83c\\\\udf08\\"": 6c5c75643833635c7564663038@14",
  "partial "\\"unterminated": throw:UnrecognizedToken@0-0",
  "partial "\\"bad \\\\x escape\\"": throw:UnrecognizedToken@0-0",
  "partial "\\"\\\\u12\\"": throw:UnrecognizedToken@0-0",
  "partial "h''": 40@3",
  "partial "h'00'": 4100@5",
  "partial "h'ff'": 41ff@5",
  "partial "h'FF'": 41ff@5",
  "partial "h'dead'": 42dead@7",
  "partial "h'deadbeef'": 44deadbeef@11",
  "partial "h'DeAdBeEf'": 44deadbeef@11",
  "partial "h'DEADBEEF'": 44deadbeef@11",
  "partial "h'0'": throw:InvalidHexString@0-4",
  "partial "h'zz'": throw:InvalidHexString@0-2",
  "partial "h'abc'": throw:InvalidHexString@0-6",
  "partial "h'de ad'": throw:InvalidHexString@0-4",
  "partial "b64''": throw:InvalidBase64String@0-5",
  "partial "b64'A'": throw:InvalidBase64String@0-6",
  "partial "b64'QQ=='": 4141@9",
  "partial "b64'QQ='": throw:InvalidBase64String@0-8",
  "partial "b64'QQ'": throw:InvalidBase64String@0-7",
  "partial "b64'SGVsbG8='": 4548656c6c6f@13",
  "partial "b64'SGVsbG8gV29ybGQ='": 4b48656c6c6f20576f726c64@21",
  "partial "b64'AQIDBAUGBwgJCg'": throw:InvalidBase64String@0-19",
  "partial "b64'AQIDBAUGBwgJCg='": throw:InvalidBase64String@0-20",
  "partial "b64'AQIDBAUGBwgJCg=='": 4a0102030405060708090a@21",
  "partial "b64'!!!invalid!!!'": throw:InvalidBase64String@0-4",
  "partial "b64'SGVsbG8gV29ybGQ'": throw:InvalidBase64String@0-20",
  "partial "2023-01-01": c11a63b0cd00@10",
  "partial "2023-02-08": c11a63e2e600@10",
  "partial "2023-12-25": c11a6588c600@10",
  "partial "1965-05-15": c13a08b6a9ff@10",
  "partial "2023-02-08T15:30:45Z": c11a63e3c025@20",
  "partial "2023-02-08T15:30:45.123Z": c1fb41d8f8f00947df3b@24",
  "partial "2023-12-25T10:30:45.123456Z": c1fb41d962567547df3b@27",
  "partial "2023-02-08T15:30:45+01:00": c11a63e3b215@25",
  "partial "2023-02-08T15:30:45-08:00": c11a63e430a5@25",
  "partial "2023-12-25T10:30:45+05:30": c11a65890c7d@25",
  "partial "2023": 1907e7@4",
  "partial "2023-02": 1907e7@4",
  "partial "2023-13-01": throw:InvalidDateString@0-10",
  "partial "2023-02-30": throw:InvalidDateString@0-10",
  "partial "2023-01-32": throw:InvalidDateString@0-10",
  "partial "2023-00-15": throw:InvalidDateString@0-10",
  "partial "2023-06-00": throw:InvalidDateString@0-10",
  "partial "2024-02-29": c11a65dfc900@10",
  "partial "2023-02-29": throw:InvalidDateString@0-10",
  "partial "1970-01-01T00:00:00Z": c100@20",
  "partial "2000-01-01T00:00:00.000Z": c11a386d4380@24",
  "partial "2023-12-25T24:00:00Z": throw:InvalidDateString@0-20",
  "partial "2023-12-25T10:60:00Z": throw:InvalidDateString@0-20",
  "partial "2023-12-25T10:30:60Z": throw:InvalidDateString@0-20",
  "partial "2023-12-25T10:30:45": throw:InvalidDateString@0-19",
  "partial "1(1)": c101@4",
  "partial "42(123)": d82a187b@7",
  "partial "0(\\"x\\")": c06178@6",
  "partial "1(2023-01-01)": c1c11a63b0cd00@13",
  "partial "40024(1)": d99c5801@8",
  "partial "18446744073709551615(0)": dbffffffffffffffff00@23",
  "partial "18446744073709551616(0)": throw:InvalidTagValue@0-20",
  "partial "42()": throw:UnexpectedToken(ParenthesisClose)@3-4",
  "partial "42(1": throw:UnmatchedParentheses@3-4",
  "partial "42(1,2)": throw:UnmatchedParentheses@4-5",
  "partial "42 (1)": 182a@3",
  "partial "-1(1)": 20@2",
  "partial "1.5(1)": f93e00@3",
  "partial "date(1)": c101@7",
  "partial "date(2023-01-01)": c1c11a63b0cd00@16",
  "partial "envelope(200(201(\\"x\\")))": d8c8d8c8d8c96178@23",
  "partial "digest(h'00')": d99c414100@13",
  "partial "nosuchtag(1)": throw:UnknownTagName@0-9",
  "partial "date(1": throw:UnexpectedEndOfInput",
  "partial "date 1": throw:UnrecognizedToken@0-0",
  "partial "seed({1: h'00'})": d99d6ca1014100@16",
  "partial "known-value(1)": d99c4001@14",
  "partial "encoded-cbor(1)": d81801@15",
  "partial "'1'": d99c4001@3",
  "partial "'0'": d99c4000@3",
  "partial "'42'": d99c40182a@4",
  "partial "'isA'": d99c4001@5",
  "partial "'date'": d99c4010@6",
  "partial "'note'": d99c4004@6",
  "partial "'18446744073709551615'": d99c401bffffffffffffffff@22",
  "partial "'18446744073709551616'": throw:InvalidKnownValue@1-21",
  "partial "'20000000000000000000'": throw:InvalidKnownValue@1-21",
  "partial "'nosuchvalue'": throw:UnknownKnownValueName@1-12",
  "partial "'01'": throw:UnrecognizedToken@0-0",
  "partial "'-1'": throw:UnrecognizedToken@0-0",
  "partial "'a b'": throw:UnrecognizedToken@0-0",
  "partial "'": throw:UnrecognizedToken@0-0",
  "partial "'isA": throw:UnrecognizedToken@0-0",
  "partial "'is-a'": throw:UnknownKnownValueName@1-5",
  "partial "'_x'": throw:UnknownKnownValueName@1-3",
  "partial "[]": 80@2",
  "partial "[1]": 8101@3",
  "partial "[1, 2, 3]": 83010203@9",
  "partial "[1,2,3]": 83010203@7",
  "partial "[ 1 , 2 ]": 820102@9",
  "partial "[\\"a\\", h'dead', 42]": 83616142dead182a@18",
  "partial "[[]]": 8180@4",
  "partial "[[1], [2, [3]]]": 82810182028103@15",
  "partial "[1, [2, [3, [4, [5]]]]]": 82018202820382048105@23",
  "partial "[1,]": throw:UnexpectedToken(BracketClose)@3-4",
  "partial "[,1]": throw:UnexpectedToken(Comma)@1-2",
  "partial "[1 2]": throw:ExpectedComma@3-4",
  "partial "[1": throw:UnexpectedEndOfInput",
  "partial "1]": 01@1",
  "partial "[1, 2": throw:UnexpectedEndOfInput",
  "partial "[]]": 80@2",
  "partial "[1965-05-15, 2000-07-25, 2004-10-30]": 83c13a08b6a9ffc11a397cd880c11a4182d980@36",
  "partial "[true, false, null, NaN, Infinity, -Infinity]": 86f5f4f6f97e00f97c00f9fc00@45",
  "partial "{}": a0@2",
  "partial "{1: 2}": a10102@6",
  "partial "{\\"a\\": 1}": a1616101@8",
  "partial "{\\"b\\": 2, \\"a\\": 1}": a2616101616202@16",
  "partial "{1: 2, 3: 4}": a201020304@12",
  "partial "{1: 2 3: 4}": throw:ExpectedComma@6-7",
  "partial "{1 2": throw:ExpectedColon@3-4",
  "partial "{1": throw:ExpectedColon@1-2",
  "partial "{\\"k\\"": throw:ExpectedColon@1-4",
  "partial "{1: 2, 1: 3}": throw:DuplicateMapKey@7-8",
  "partial "{1: {2: 3}}": a101a10203@11",
  "partial "{[1]: 2}": a1810102@8",
  "partial "{{1: 2}: 3}": a1a1010203@11",
  "partial "{1:}": throw:ExpectedMapKey@3-4",
  "partial "{:1}": throw:UnexpectedToken(Colon)@1-2",
  "partial "{1: 2,}": throw:UnexpectedToken(BraceClose)@6-7",
  "partial "{,}": throw:UnexpectedToken(Comma)@1-2",
  "partial "{1, 2}": throw:ExpectedColon@2-3",
  "partial "{1: 2": throw:UnmatchedBraces@4-5",
  "partial "1: 2}": 01@1",
  "partial "{h'00': 1, 1: 2, \\"a\\": 3, [1]: 4, -1: 5, 0.5: 6}": a601022005410001616103810104f9380006@47",
  "partial "{2: 1, 1: 2, 10: 3, -1: 4, \\"z\\": 5, \\"a\\": 6, \\"aa\\": 7}": a7010202010a032004616106617a0562616107@51",
  "partial "ur:date/cyisdadmlasgtapttx": throw:InvalidUr@0-26",
  "partial "ur:foobar/cyisdadmlasgtapttl": throw:UnknownUrType@3-9",
  "partial "ur:date/cyisdadmlasgtapttl": c11a68252e80@26",
  "partial "ur:date/": throw:UnrecognizedToken@0-0",
  "partial "ur:/abc": throw:UnrecognizedToken@0-0",
  "partial "ur:date/abc": throw:UnrecognizedToken@0-0",
  "partial "ur:DATE/cyisdadmlasgtapttx": throw:InvalidUr@0-26",
  "partial " 1 ": 01@3",
  "partial "\\t1\\n": 01@3",
  "partial "1 # comment": 01@11",
  "partial "# comment\\n1": 01@11",
  "partial "1 /inline/": 01@10",
  "partial "/c/ 1": 01@5",
  "partial "//42": 182a@4",
  "partial "/unterminated 1": throw:UnrecognizedToken@0-0",
  "partial "1 // 2": 01@5",
  "partial "[1, # one\\n 2]": 820102@13",
  "partial "": throw:EmptyInput",
  "partial " ": throw:EmptyInput",
  "partial "\\n": throw:EmptyInput",
  "partial "#": throw:EmptyInput",
  "partial "/": throw:UnrecognizedToken@0-0",
  "partial "truex": f5@4",
  "partial "-Infinityzz": f9fc00@9",
  "partial "nullx": f6@4",
  "partial "1x": 01@1",
  "partial "1 2": 01@2",
  "partial "\\"a\\" \\"b\\"": 6161@4",
  "partial "[1] [2]": 8101@4",
  "partial "true false": f5@5",
  "partial ")": throw:UnexpectedToken(ParenthesisClose)@0-1",
  "partial "(": throw:UnexpectedToken(ParenthesisOpen)@0-1",
  "partial ":": throw:UnexpectedToken(Colon)@0-1",
  "partial ",": throw:UnexpectedToken(Comma)@0-1",
  "partial "]": throw:UnexpectedToken(BracketClose)@0-1",
  "partial "}": throw:UnexpectedToken(BraceClose)@0-1",
  "partial "42(": throw:UnexpectedEndOfInput",
  "partial "@": throw:UnrecognizedToken@0-0",
  "partial "1.2.3": fb3ff3333333333333@3",
  "partial "..": throw:UnrecognizedToken@0-0",
  "partial "-": throw:UnrecognizedToken@0-0",
  "partial "+": throw:UnrecognizedToken@0-0",
  "composeArray "": 80",
  "composeArray "1 | 2 | 3": 83010203",
  "composeArray "\\"a\\" | h'dead' | 42": 83616142dead182a",
  "composeArray "[1, 2] | [3]": 828201028103",
  "composeArray "1 | ": throw:Compose:ParseError:EmptyInput",
  "composeArray "1 | [ | 2": throw:Compose:ParseError:UnexpectedEndOfInput",
  "composeMap "": a0",
  "composeMap "1 | 2": a10102",
  "composeMap "1 | 2 | 3 | 4": a201020304",
  "composeMap "\\"b\\" | 2 | \\"a\\" | 1": a2616101616202",
  "composeMap "1 | {2: 3}": a101a10203",
  "composeMap "1 | 2 | 1 | 3": throw:Compose:DuplicateMapKey",
  "composeMap "1": throw:Compose:OddMapLength",
  "composeMap "1 | 2 | 3": throw:Compose:OddMapLength",
  "composeMap " | 1": throw:Compose:ParseError:EmptyInput",
  "composeMap "1 | ]": throw:Compose:ParseError:UnexpectedToken(BracketClose)@0-1",
]
`;
